/*
 * Copyright contributors to the oneDAL project
 *
 * Licensed under the Apache License, Version 2.0 (the "License");
 * you may not use this file except in compliance with the License.
 * You may obtain a copy of the License at
 *
 *     http://www.apache.org/licenses/LICENSE-2.0
 *
 * Unless required by applicable law or agreed to in writing, software
 * distributed under the License is distributed on an "AS IS" BASIS,
 * WITHOUT WARRANTIES OR CONDITIONS OF ANY KIND, either express or implied.
 * See the License for the specific language governing permissions and
 * limitations under the License.
 */

/*
 * Version script for libonedal_core.so (DAAL Legacy Interface)
 *
 * This file explicitly defines which symbols are exported from libonedal_core.so
 */

ONEDAL_2026.0 {
global:
    extern "C++" {
        # ================================ Public DAAL interface ===============================

        # ===================================== Algorithms =====================================

        # Common interfaces

        daal::algorithms::interface1::Argument::*;
        "daal::algorithms::interface1::AlgorithmImpl<*>::*";

        # AlgorithmImpl::computeNoThrow() instantiations
        "daal::algorithms::interface1::AlgorithmImpl<(daal::ComputeMode)1>::computeNoThrow()";
        "daal::algorithms::interface1::AlgorithmImpl<(daal::ComputeMode)2>::computeNoThrow()";
        "daal::algorithms::interface1::AlgorithmImpl<(daal::ComputeMode)4>::computeNoThrow()";

        # Cholesky

        daal::algorithms::cholesky::interface1::*;

        # Explicit template instantiations
        "daal::services::interface1::Status daal::algorithms::cholesky::interface1::Result::allocate<float>(daal::algorithms::interface1::Input const*, daal::algorithms::interface1::Parameter const*, int)";
        "daal::services::interface1::Status daal::algorithms::cholesky::interface1::Result::allocate<double>(daal::algorithms::interface1::Input const*, daal::algorithms::interface1::Parameter const*, int)";

        "!daal::algorithms::cholesky::internal::*";

        # Classifier

        daal::algorithms::classifier::prediction::interface1::*;
        daal::algorithms::classifier::prediction::interface2::*;
        daal::algorithms::classifier::training::interface1::*;
        daal::algorithms::classifier::interface2::Parameter*;

        # Explicit template instantiations and RTTI
        "typeinfo for daal::algorithms::classifier::prediction::interface2::Result";
        "typeinfo for daal::algorithms::classifier::training::interface1::Result";
        "typeinfo name for daal::algorithms::classifier::training::interface1::Result";
        "typeinfo for daal::algorithms::classifier::interface2::Parameter";
        "daal::services::interface1::Status daal::algorithms::classifier::prediction::interface2::Result::allocate<float>(daal::algorithms::interface1::Input const*, daal::algorithms::interface1::Parameter const*, int)";
        "daal::services::interface1::Status daal::algorithms::classifier::prediction::interface2::Result::allocate<double>(daal::algorithms::interface1::Input const*, daal::algorithms::interface1::Parameter const*, int)";

        "!daal::algorithms::classifier::internal::*";
        "!daal::algorithms::classifier::*::internal::*";

        # Correlation Distance

        daal::algorithms::correlation_distance::interface1::*;

        # Explicit template instantiations
        "daal::services::interface1::Status daal::algorithms::correlation_distance::interface1::Result::allocate<float>(daal::algorithms::interface1::Input const*, daal::algorithms::interface1::Parameter const*, int)";
        "daal::services::interface1::Status daal::algorithms::correlation_distance::interface1::Result::allocate<double>(daal::algorithms::interface1::Input const*, daal::algorithms::interface1::Parameter const*, int)";

        "!daal::algorithms::correlation_distance::internal::*";

        # Cosine Distance

        daal::algorithms::cosine_distance::interface1::*;

        # Explicit template instantiations
        "daal::services::interface1::Status daal::algorithms::cosine_distance::interface1::Result::allocate<float>(daal::algorithms::interface1::Input const*, daal::algorithms::interface1::Parameter const*, int)";
        "daal::services::interface1::Status daal::algorithms::cosine_distance::interface1::Result::allocate<double>(daal::algorithms::interface1::Input const*, daal::algorithms::interface1::Parameter const*, int)";

        "!daal::algorithms::cosine_distance::internal::*";

        # Covariance

        daal::algorithms::covariance::interface1::*;

        # Explicit template instantiations
        "daal::services::interface1::Status daal::algorithms::covariance::interface1::PartialResult::allocate<float>(daal::algorithms::interface1::Input const*, daal::algorithms::interface1::Parameter const*, int)";
        "daal::services::interface1::Status daal::algorithms::covariance::interface1::PartialResult::allocate<double>(daal::algorithms::interface1::Input const*, daal::algorithms::interface1::Parameter const*, int)";
        "daal::services::interface1::Status daal::algorithms::covariance::interface1::PartialResult::initialize<float>(daal::algorithms::interface1::Input const*, daal::algorithms::interface1::Parameter const*, int)";
        "daal::services::interface1::Status daal::algorithms::covariance::interface1::PartialResult::initialize<double>(daal::algorithms::interface1::Input const*, daal::algorithms::interface1::Parameter const*, int)";
        "daal::services::interface1::Status daal::algorithms::covariance::interface1::Result::allocate<float>(daal::algorithms::interface1::PartialResult const*, daal::algorithms::interface1::Parameter const*, int)";
        "daal::services::interface1::Status daal::algorithms::covariance::interface1::Result::allocate<double>(daal::algorithms::interface1::PartialResult const*, daal::algorithms::interface1::Parameter const*, int)";

        "!daal::algorithms::covariance::internal::*";

        # DBSCAN

        daal::algorithms::dbscan::interface1::*;

        # Explicit template instantiations
        "daal::services::interface1::Status daal::algorithms::dbscan::interface1::Result::allocate<float>(daal::algorithms::interface1::Input const*, daal::algorithms::interface1::Parameter const*, int)";
        "daal::services::interface1::Status daal::algorithms::dbscan::interface1::Result::allocate<double>(daal::algorithms::interface1::Input const*, daal::algorithms::interface1::Parameter const*, int)";

        "daal::services::interface1::Status daal::algorithms::dbscan::interface1::DistributedPartialResultStep1::allocate<float>(daal::algorithms::interface1::Input const*, daal::algorithms::interface1::Parameter const*, int)";
        "daal::services::interface1::Status daal::algorithms::dbscan::interface1::DistributedPartialResultStep2::allocate<float>(daal::algorithms::interface1::Input const*, daal::algorithms::interface1::Parameter const*, int)";
        "daal::services::interface1::Status daal::algorithms::dbscan::interface1::DistributedPartialResultStep3::allocate<float>(daal::algorithms::interface1::Input const*, daal::algorithms::interface1::Parameter const*, int)";
        "daal::services::interface1::Status daal::algorithms::dbscan::interface1::DistributedPartialResultStep4::allocate<float>(daal::algorithms::interface1::Input const*, daal::algorithms::interface1::Parameter const*, int)";
        "daal::services::interface1::Status daal::algorithms::dbscan::interface1::DistributedPartialResultStep5::allocate<float>(daal::algorithms::interface1::Input const*, daal::algorithms::interface1::Parameter const*, int)";
        "daal::services::interface1::Status daal::algorithms::dbscan::interface1::DistributedPartialResultStep6::allocate<float>(daal::algorithms::interface1::Input const*, daal::algorithms::interface1::Parameter const*, int)";
        "daal::services::interface1::Status daal::algorithms::dbscan::interface1::DistributedPartialResultStep7::allocate<float>(daal::algorithms::interface1::Input const*, daal::algorithms::interface1::Parameter const*, int)";
        "daal::services::interface1::Status daal::algorithms::dbscan::interface1::DistributedPartialResultStep8::allocate<float>(daal::algorithms::interface1::Input const*, daal::algorithms::interface1::Parameter const*, int)";
        "daal::services::interface1::Status daal::algorithms::dbscan::interface1::DistributedPartialResultStep9::allocate<float>(daal::algorithms::interface1::Input const*, daal::algorithms::interface1::Parameter const*, int)";
        "daal::services::interface1::Status daal::algorithms::dbscan::interface1::DistributedPartialResultStep10::allocate<float>(daal::algorithms::interface1::Input const*, daal::algorithms::interface1::Parameter const*, int)";
        "daal::services::interface1::Status daal::algorithms::dbscan::interface1::DistributedPartialResultStep11::allocate<float>(daal::algorithms::interface1::Input const*, daal::algorithms::interface1::Parameter const*, int)";
        "daal::services::interface1::Status daal::algorithms::dbscan::interface1::DistributedPartialResultStep12::allocate<float>(daal::algorithms::interface1::Input const*, daal::algorithms::interface1::Parameter const*, int)";
        "daal::services::interface1::Status daal::algorithms::dbscan::interface1::DistributedPartialResultStep13::allocate<float>(daal::algorithms::interface1::Input const*, daal::algorithms::interface1::Parameter const*, int)";

        "daal::services::interface1::Status daal::algorithms::dbscan::interface1::DistributedPartialResultStep1::allocate<double>(daal::algorithms::interface1::Input const*, daal::algorithms::interface1::Parameter const*, int)";
        "daal::services::interface1::Status daal::algorithms::dbscan::interface1::DistributedPartialResultStep2::allocate<double>(daal::algorithms::interface1::Input const*, daal::algorithms::interface1::Parameter const*, int)";
        "daal::services::interface1::Status daal::algorithms::dbscan::interface1::DistributedPartialResultStep3::allocate<double>(daal::algorithms::interface1::Input const*, daal::algorithms::interface1::Parameter const*, int)";
        "daal::services::interface1::Status daal::algorithms::dbscan::interface1::DistributedPartialResultStep4::allocate<double>(daal::algorithms::interface1::Input const*, daal::algorithms::interface1::Parameter const*, int)";
        "daal::services::interface1::Status daal::algorithms::dbscan::interface1::DistributedPartialResultStep5::allocate<double>(daal::algorithms::interface1::Input const*, daal::algorithms::interface1::Parameter const*, int)";
        "daal::services::interface1::Status daal::algorithms::dbscan::interface1::DistributedPartialResultStep6::allocate<double>(daal::algorithms::interface1::Input const*, daal::algorithms::interface1::Parameter const*, int)";
        "daal::services::interface1::Status daal::algorithms::dbscan::interface1::DistributedPartialResultStep7::allocate<double>(daal::algorithms::interface1::Input const*, daal::algorithms::interface1::Parameter const*, int)";
        "daal::services::interface1::Status daal::algorithms::dbscan::interface1::DistributedPartialResultStep8::allocate<double>(daal::algorithms::interface1::Input const*, daal::algorithms::interface1::Parameter const*, int)";
        "daal::services::interface1::Status daal::algorithms::dbscan::interface1::DistributedPartialResultStep9::allocate<double>(daal::algorithms::interface1::Input const*, daal::algorithms::interface1::Parameter const*, int)";
        "daal::services::interface1::Status daal::algorithms::dbscan::interface1::DistributedPartialResultStep10::allocate<double>(daal::algorithms::interface1::Input const*, daal::algorithms::interface1::Parameter const*, int)";
        "daal::services::interface1::Status daal::algorithms::dbscan::interface1::DistributedPartialResultStep11::allocate<double>(daal::algorithms::interface1::Input const*, daal::algorithms::interface1::Parameter const*, int)";
        "daal::services::interface1::Status daal::algorithms::dbscan::interface1::DistributedPartialResultStep12::allocate<double>(daal::algorithms::interface1::Input const*, daal::algorithms::interface1::Parameter const*, int)";
        "daal::services::interface1::Status daal::algorithms::dbscan::interface1::DistributedPartialResultStep13::allocate<double>(daal::algorithms::interface1::Input const*, daal::algorithms::interface1::Parameter const*, int)";

        "daal::services::interface1::Status daal::algorithms::dbscan::interface1::DistributedResultStep9::allocate<float>(daal::algorithms::interface1::PartialResult const*, daal::algorithms::interface1::Parameter const*, int)";
        "daal::services::interface1::Status daal::algorithms::dbscan::interface1::DistributedResultStep13::allocate<float>(daal::algorithms::interface1::PartialResult const*, daal::algorithms::interface1::Parameter const*, int)";
        "daal::services::interface1::Status daal::algorithms::dbscan::interface1::DistributedResultStep9::allocate<double>(daal::algorithms::interface1::PartialResult const*, daal::algorithms::interface1::Parameter const*, int)";
        "daal::services::interface1::Status daal::algorithms::dbscan::interface1::DistributedResultStep13::allocate<double>(daal::algorithms::interface1::PartialResult const*, daal::algorithms::interface1::Parameter const*, int)";

        "!daal::algorithms::dbscan::internal::*";

        # Decision Forest

        daal::algorithms::decision_forest::classification::prediction::interface1::*;
        daal::algorithms::decision_forest::classification::prediction::interface3::*;
        daal::algorithms::decision_forest::classification::training::interface1::*;
        daal::algorithms::decision_forest::classification::training::interface3::*;

        daal::algorithms::decision_forest::classification::interface2::ModelBuilder::*;

        daal::algorithms::decision_forest::regression::prediction::interface1::*;
        daal::algorithms::decision_forest::regression::training::interface1::*;
        daal::algorithms::decision_forest::regression::training::interface2::*;

        # Explicit template instantiations and RTTI
        "typeinfo for daal::algorithms::decision_forest::regression::prediction::interface1::Result";
        "daal::services::interface1::Status daal::algorithms::decision_forest::regression::prediction::interface1::Result::allocate<float>(daal::algorithms::interface1::Input const*, daal::algorithms::interface1::Parameter const*, int)";
        "daal::services::interface1::Status daal::algorithms::decision_forest::regression::prediction::interface1::Result::allocate<double>(daal::algorithms::interface1::Input const*, daal::algorithms::interface1::Parameter const*, int)";

        "typeinfo for daal::algorithms::decision_forest::classification::training::interface1::Result";
        "daal::services::interface1::Status daal::algorithms::decision_forest::classification::training::interface1::Result::allocate<float>(daal::algorithms::interface1::Input const*, daal::algorithms::interface1::Parameter const*, int)";
        "daal::services::interface1::Status daal::algorithms::decision_forest::classification::training::interface1::Result::allocate<double>(daal::algorithms::interface1::Input const*, daal::algorithms::interface1::Parameter const*, int)";

        "typeinfo for daal::algorithms::decision_forest::regression::training::interface1::Result";
        "daal::services::interface1::Status daal::algorithms::decision_forest::regression::training::interface1::Result::allocate<float>(daal::algorithms::interface1::Input const*, daal::algorithms::interface1::Parameter const*, int)";
        "daal::services::interface1::Status daal::algorithms::decision_forest::regression::training::interface1::Result::allocate<double>(daal::algorithms::interface1::Input const*, daal::algorithms::interface1::Parameter const*, int)";

        "!daal::algorithms::decision_forest::internal::*";
        "!daal::algorithms::decision_forest::*::internal::*";

        # Elastic Net

        daal::algorithms::elastic_net::prediction::interface1::*;
        daal::algorithms::elastic_net::training::interface1::*;

        # Explicit template instantiations and RTTI
        "typeinfo for daal::algorithms::elastic_net::prediction::interface1::Result";

        "typeinfo for daal::algorithms::elastic_net::training::interface1::Result";
        "daal::services::interface1::Status daal::algorithms::elastic_net::training::interface1::Result::allocate<float>(daal::algorithms::interface1::Input const*, daal::algorithms::elastic_net::training::interface1::Parameter const*, int)";
        "daal::services::interface1::Status daal::algorithms::elastic_net::training::interface1::Result::allocate<double>(daal::algorithms::interface1::Input const*, daal::algorithms::elastic_net::training::interface1::Parameter const*, int)";

        "!daal::algorithms::elastic_net::internal::*";
        "!daal::algorithms::elastic_net::*::internal::*";

        # EM (Expectation-Maximization)

        daal::algorithms::em_gmm::interface1::*;
        daal::algorithms::em_gmm::init::interface1::*;

        # Explicit template instantiations and RTTI
        "vtable for daal::algorithms::em_gmm::interface1::Parameter";
        "vtable for daal::algorithms::em_gmm::init::interface1::Parameter";
        "daal::services::interface1::Status daal::algorithms::em_gmm::interface1::Result::allocate<float>(daal::algorithms::interface1::Input const*, daal::algorithms::interface1::Parameter const*, int)";
        "daal::services::interface1::Status daal::algorithms::em_gmm::interface1::Result::allocate<double>(daal::algorithms::interface1::Input const*, daal::algorithms::interface1::Parameter const*, int)";
        "daal::services::interface1::Status daal::algorithms::em_gmm::init::interface1::Result::allocate<float>(daal::algorithms::interface1::Input const*, daal::algorithms::interface1::Parameter const*, int)";
        "daal::services::interface1::Status daal::algorithms::em_gmm::init::interface1::Result::allocate<double>(daal::algorithms::interface1::Input const*, daal::algorithms::interface1::Parameter const*, int)";

        "!daal::algorithms::em_gmm::internal::*";

        # Engines (Random Number Generators)

        daal::algorithms::engines::interface1::*;

        "!daal::algorithms::engines::internal::*";

        # Gradient Boosted Trees

        daal::algorithms::gbt::classification::training::interface1::*;
        daal::algorithms::gbt::classification::training::interface2::*;
        daal::algorithms::gbt::classification::prediction::interface1::*;
        daal::algorithms::gbt::classification::prediction::interface2::*;
        daal::algorithms::gbt::regression::training::interface1::*;
        daal::algorithms::gbt::regression::training::interface2::*;
        daal::algorithms::gbt::regression::prediction::interface1::*;

        daal::algorithms::gbt::classification::interface1::ModelBuilder::*;
        daal::algorithms::gbt::regression::interface1::ModelBuilder::*;

        # Explicit template instantiations and RTTI
        "typeinfo for daal::algorithms::gbt::classification::prediction::interface2::Result";
        "daal::services::interface1::Status daal::algorithms::gbt::classification::prediction::interface2::Result::allocate<float>(daal::algorithms::interface1::Input const*, daal::algorithms::interface1::Parameter const*, int)";
        "daal::services::interface1::Status daal::algorithms::gbt::classification::prediction::interface2::Result::allocate<double>(daal::algorithms::interface1::Input const*, daal::algorithms::interface1::Parameter const*, int)";

        "typeinfo for daal::algorithms::gbt::classification::training::interface1::Result";
        "daal::services::interface1::Status daal::algorithms::gbt::classification::training::interface1::Result::allocate<float>(daal::algorithms::interface1::Input const*, daal::algorithms::interface1::Parameter const*, int)";
        "daal::services::interface1::Status daal::algorithms::gbt::classification::training::interface1::Result::allocate<double>(daal::algorithms::interface1::Input const*, daal::algorithms::interface1::Parameter const*, int)";

        "typeinfo for daal::algorithms::gbt::regression::prediction::interface1::Result";
        "daal::services::interface1::Status daal::algorithms::gbt::regression::prediction::interface1::Result::allocate<float>(daal::algorithms::interface1::Input const*, daal::algorithms::interface1::Parameter const*, int)";
        "daal::services::interface1::Status daal::algorithms::gbt::regression::prediction::interface1::Result::allocate<double>(daal::algorithms::interface1::Input const*, daal::algorithms::interface1::Parameter const*, int)";

        "typeinfo for daal::algorithms::gbt::regression::training::interface1::Result";
        "daal::services::interface1::Status daal::algorithms::gbt::regression::training::interface1::Result::allocate<float>(daal::algorithms::interface1::Input const*, daal::algorithms::gbt::regression::training::interface1::Parameter const*, int)";
        "daal::services::interface1::Status daal::algorithms::gbt::regression::training::interface1::Result::allocate<double>(daal::algorithms::interface1::Input const*, daal::algorithms::gbt::regression::training::interface1::Parameter const*, int)";

        "!daal::algorithms::gbt::internal::*";
        "!daal::algorithms::gbt::*::internal::*";

        # Implicit ALS

        daal::algorithms::implicit_als::prediction::ratings::interface1::*;
        daal::algorithms::implicit_als::training::interface1::*;

        # Explicit template instantiations and RTTI
        "daal::services::interface1::Status daal::algorithms::implicit_als::prediction::ratings::interface1::Result::allocate<float>(daal::algorithms::interface1::Input const*, daal::algorithms::interface1::Parameter const*, int)";
        "daal::services::interface1::Status daal::algorithms::implicit_als::prediction::ratings::interface1::Result::allocate<double>(daal::algorithms::interface1::Input const*, daal::algorithms::interface1::Parameter const*, int)";

        "daal::services::interface1::Status daal::algorithms::implicit_als::training::interface1::Result::allocate<float>(daal::algorithms::interface1::Input const*, daal::algorithms::interface1::Parameter const*, int)";
        "daal::services::interface1::Status daal::algorithms::implicit_als::training::interface1::Result::allocate<double>(daal::algorithms::interface1::Input const*, daal::algorithms::interface1::Parameter const*, int)";

        "daal::services::interface1::Status daal::algorithms::implicit_als::prediction::ratings::interface1::PartialResult::allocate<float>(daal::algorithms::interface1::Input const*, daal::algorithms::interface1::Parameter const*, int)";
        "daal::services::interface1::Status daal::algorithms::implicit_als::prediction::ratings::interface1::PartialResult::allocate<double>(daal::algorithms::interface1::Input const*, daal::algorithms::interface1::Parameter const*, int)";

        "daal::services::interface1::Status daal::algorithms::implicit_als::training::interface1::DistributedPartialResultStep1::allocate<float>(daal::algorithms::interface1::Input const*, daal::algorithms::interface1::Parameter const*, int)";
        "daal::services::interface1::Status daal::algorithms::implicit_als::training::interface1::DistributedPartialResultStep2::allocate<float>(daal::algorithms::interface1::Input const*, daal::algorithms::interface1::Parameter const*, int)";
        "daal::services::interface1::Status daal::algorithms::implicit_als::training::interface1::DistributedPartialResultStep3::allocate<float>(daal::algorithms::interface1::Input const*, daal::algorithms::interface1::Parameter const*, int)";
        "daal::services::interface1::Status daal::algorithms::implicit_als::training::interface1::DistributedPartialResultStep4::allocate<float>(daal::algorithms::interface1::Input const*, daal::algorithms::interface1::Parameter const*, int)";
        "daal::services::interface1::Status daal::algorithms::implicit_als::training::interface1::DistributedPartialResultStep1::allocate<double>(daal::algorithms::interface1::Input const*, daal::algorithms::interface1::Parameter const*, int)";
        "daal::services::interface1::Status daal::algorithms::implicit_als::training::interface1::DistributedPartialResultStep2::allocate<double>(daal::algorithms::interface1::Input const*, daal::algorithms::interface1::Parameter const*, int)";
        "daal::services::interface1::Status daal::algorithms::implicit_als::training::interface1::DistributedPartialResultStep3::allocate<double>(daal::algorithms::interface1::Input const*, daal::algorithms::interface1::Parameter const*, int)";
        "daal::services::interface1::Status daal::algorithms::implicit_als::training::interface1::DistributedPartialResultStep4::allocate<double>(daal::algorithms::interface1::Input const*, daal::algorithms::interface1::Parameter const*, int)";

        daal::algorithms::implicit_als::training::init::interface1::*;

        "vtable for daal::algorithms::implicit_als::training::init::interface1::Parameter";
        "vtable for daal::algorithms::implicit_als::training::init::interface1::DistributedParameter";
        "daal::services::interface1::Status daal::algorithms::implicit_als::training::init::interface1::PartialResult::allocate<float>(daal::algorithms::interface1::Input const*, daal::algorithms::interface1::Parameter const*, int)";
        "daal::services::interface1::Status daal::algorithms::implicit_als::training::init::interface1::PartialResult::allocate<double>(daal::algorithms::interface1::Input const*, daal::algorithms::interface1::Parameter const*, int)";

        "daal::services::interface1::Status daal::algorithms::implicit_als::training::init::interface1::DistributedPartialResultStep2::allocate<float>(daal::algorithms::interface1::Input const*, daal::algorithms::interface1::Parameter const*, int)";


        "!daal::algorithms::implicit_als::internal::*";
        "!daal::algorithms::implicit_als::*::internal::*";

        # Kernel Function

        daal::algorithms::kernel_function::interface1::*;
        daal::algorithms::kernel_function::linear::interface1::*;
        daal::algorithms::kernel_function::rbf::interface1::*;

        # Explicit template instantiations
        "daal::services::interface1::Status daal::algorithms::kernel_function::interface1::Result::allocate<float>(daal::algorithms::interface1::Input const*, daal::algorithms::interface1::Parameter const*, int)";
        "daal::services::interface1::Status daal::algorithms::kernel_function::interface1::Result::allocate<double>(daal::algorithms::interface1::Input const*, daal::algorithms::interface1::Parameter const*, int)";

        "!daal::algorithms::kernel_function::internal::*";
        "!daal::algorithms::kernel_function::*::internal::*";

        # K-Means

        daal::algorithms::kmeans::interface1::*;
        daal::algorithms::kmeans::interface2::*;
        daal::algorithms::kmeans::init::interface1::*;
        daal::algorithms::kmeans::init::interface2::*;

        # Explicit template instantiations
        "daal::services::interface1::Status daal::algorithms::kmeans::interface1::PartialResult::allocate<float>(daal::algorithms::interface1::Input const*, daal::algorithms::interface1::Parameter const*, int)";
        "daal::services::interface1::Status daal::algorithms::kmeans::interface1::PartialResult::allocate<double>(daal::algorithms::interface1::Input const*, daal::algorithms::interface1::Parameter const*, int)";
        "daal::services::interface1::Status daal::algorithms::kmeans::interface1::Result::allocate<float>(daal::algorithms::interface1::Input const*, daal::algorithms::interface1::Parameter const*, int)";
        "daal::services::interface1::Status daal::algorithms::kmeans::interface1::Result::allocate<double>(daal::algorithms::interface1::Input const*, daal::algorithms::interface1::Parameter const*, int)";
        "daal::services::interface1::Status daal::algorithms::kmeans::interface1::Result::allocate<float>(daal::algorithms::interface1::PartialResult const*, daal::algorithms::interface1::Parameter const*, int)";
        "daal::services::interface1::Status daal::algorithms::kmeans::interface1::Result::allocate<double>(daal::algorithms::interface1::PartialResult const*, daal::algorithms::interface1::Parameter const*, int)";

        "daal::services::interface1::Status daal::algorithms::kmeans::init::interface1::PartialResult::allocate<float>(daal::algorithms::interface1::Input const*, daal::algorithms::interface1::Parameter const*, int)";
        "daal::services::interface1::Status daal::algorithms::kmeans::init::interface1::PartialResult::allocate<double>(daal::algorithms::interface1::Input const*, daal::algorithms::interface1::Parameter const*, int)";
        "daal::services::interface1::Status daal::algorithms::kmeans::init::interface1::Result::allocate<float>(daal::algorithms::interface1::Input const*, daal::algorithms::interface1::Parameter const*, int)";
        "daal::services::interface1::Status daal::algorithms::kmeans::init::interface1::Result::allocate<double>(daal::algorithms::interface1::Input const*, daal::algorithms::interface1::Parameter const*, int)";
        "daal::services::interface1::Status daal::algorithms::kmeans::init::interface1::Result::allocate<float>(daal::algorithms::interface1::PartialResult const*, daal::algorithms::interface1::Parameter const*, int)";
        "daal::services::interface1::Status daal::algorithms::kmeans::init::interface1::Result::allocate<double>(daal::algorithms::interface1::PartialResult const*, daal::algorithms::interface1::Parameter const*, int)";

        "daal::services::interface1::Status daal::algorithms::kmeans::init::interface1::DistributedStep2LocalPlusPlusPartialResult::allocate<float>(daal::algorithms::interface1::Input const*, daal::algorithms::interface1::Parameter const*, int)";
        "daal::services::interface1::Status daal::algorithms::kmeans::init::interface1::DistributedStep2LocalPlusPlusPartialResult::allocate<double>(daal::algorithms::interface1::Input const*, daal::algorithms::interface1::Parameter const*, int)";
        "daal::services::interface1::Status daal::algorithms::kmeans::init::interface1::DistributedStep3MasterPlusPlusPartialResult::allocate<float>(daal::algorithms::interface1::Input const*, daal::algorithms::interface1::Parameter const*, int)";
        "daal::services::interface1::Status daal::algorithms::kmeans::init::interface1::DistributedStep3MasterPlusPlusPartialResult::allocate<double>(daal::algorithms::interface1::Input const*, daal::algorithms::interface1::Parameter const*, int)";
        "daal::services::interface1::Status daal::algorithms::kmeans::init::interface1::DistributedStep4LocalPlusPlusPartialResult::allocate<float>(daal::algorithms::interface1::Input const*, daal::algorithms::interface1::Parameter const*, int)";
        "daal::services::interface1::Status daal::algorithms::kmeans::init::interface1::DistributedStep4LocalPlusPlusPartialResult::allocate<double>(daal::algorithms::interface1::Input const*, daal::algorithms::interface1::Parameter const*, int)";
        "daal::services::interface1::Status daal::algorithms::kmeans::init::interface1::DistributedStep5MasterPlusPlusPartialResult::allocate<float>(daal::algorithms::interface1::Input const*, daal::algorithms::interface1::Parameter const*, int)";
        "daal::services::interface1::Status daal::algorithms::kmeans::init::interface1::DistributedStep5MasterPlusPlusPartialResult::allocate<double>(daal::algorithms::interface1::Input const*, daal::algorithms::interface1::Parameter const*, int)";

        # RTTI
        "vtable for daal::algorithms::kmeans::init::interface1::DistributedStep2MasterInput";

        "!daal::algorithms::kmeans::internal::*";
        "!daal::algorithms::kmeans::*::internal::*";

        # K-Nearest Neighbors (Brute Force)

        daal::algorithms::bf_knn_classification::training::interface1::*;
        daal::algorithms::bf_knn_classification::prediction::interface1::*;

        # Explicit template instantiations and RTTI
        "typeinfo for daal::algorithms::bf_knn_classification::prediction::interface1::Result";
        "typeinfo for daal::algorithms::bf_knn_classification::training::interface1::Result";
        "daal::services::interface1::Status daal::algorithms::bf_knn_classification::prediction::interface1::Result::allocate<float>(daal::algorithms::interface1::Input const*, daal::algorithms::interface1::Parameter const*, int)";
        "daal::services::interface1::Status daal::algorithms::bf_knn_classification::prediction::interface1::Result::allocate<double>(daal::algorithms::interface1::Input const*, daal::algorithms::interface1::Parameter const*, int)";
        "daal::services::interface1::Status daal::algorithms::bf_knn_classification::training::interface1::Result::allocate<float>(daal::algorithms::interface1::Input const*, daal::algorithms::bf_knn_classification::interface1::Parameter const*, int)";
        "daal::services::interface1::Status daal::algorithms::bf_knn_classification::training::interface1::Result::allocate<double>(daal::algorithms::interface1::Input const*, daal::algorithms::bf_knn_classification::interface1::Parameter const*, int)";

        "!daal::algorithms::bf_knn_classification::internal::*";
        "!daal::algorithms::bf_knn_classification::*::internal::*";

        # K-Nearest Neighbors (KD-Tree)

        daal::algorithms::kdtree_knn_classification::training::interface1::*;
        daal::algorithms::kdtree_knn_classification::training::interface3::*;
        daal::algorithms::kdtree_knn_classification::prediction::interface1::*;
        daal::algorithms::kdtree_knn_classification::prediction::interface3::*;

        # Explicit template instantiations and RTTI
        "typeinfo for daal::algorithms::kdtree_knn_classification::prediction::interface1::Result";
        "typeinfo for daal::algorithms::kdtree_knn_classification::training::interface1::Result";
        "vtable for daal::algorithms::kdtree_knn_classification::interface3::Parameter";
        "daal::services::interface1::Status daal::algorithms::kdtree_knn_classification::prediction::interface1::Result::allocate<float>(daal::algorithms::interface1::Input const*, daal::algorithms::interface1::Parameter const*, int)";
        "daal::services::interface1::Status daal::algorithms::kdtree_knn_classification::prediction::interface1::Result::allocate<double>(daal::algorithms::interface1::Input const*, daal::algorithms::interface1::Parameter const*, int)";
        "daal::services::interface1::Status daal::algorithms::kdtree_knn_classification::training::interface1::Result::allocate<float>(daal::algorithms::interface1::Input const*, daal::algorithms::kdtree_knn_classification::interface3::Parameter const*, int)";
        "daal::services::interface1::Status daal::algorithms::kdtree_knn_classification::training::interface1::Result::allocate<double>(daal::algorithms::interface1::Input const*, daal::algorithms::kdtree_knn_classification::interface3::Parameter const*, int)";

        "!daal::algorithms::kdtree_knn_classification::internal::*";
        "!daal::algorithms::kdtree_knn_classification::*::internal::*";

        # Lasso Regression

        daal::algorithms::lasso_regression::training::interface1::*;
        daal::algorithms::lasso_regression::prediction::interface1::*;

        # Explicit template instantiations and RTTI
        "typeinfo for daal::algorithms::lasso_regression::prediction::interface1::Result";
        "typeinfo for daal::algorithms::lasso_regression::training::interface1::Result";
        "daal::services::interface1::Status daal::algorithms::lasso_regression::training::interface1::Result::allocate<float>(daal::algorithms::interface1::Input const*, daal::algorithms::lasso_regression::training::interface1::Parameter const*, int)";
        "daal::services::interface1::Status daal::algorithms::lasso_regression::training::interface1::Result::allocate<double>(daal::algorithms::interface1::Input const*, daal::algorithms::lasso_regression::training::interface1::Parameter const*, int)";

        "!daal::algorithms::lasso_regression::internal::*";
        "!daal::algorithms::lasso_regression::*::internal::*";

        # Linear Model

        daal::algorithms::linear_model::prediction::interface1::*;

        # Explicit template instantiations and RTTI
        "typeinfo for daal::algorithms::linear_model::prediction::interface1::Input";
        "daal::services::interface1::Status daal::algorithms::linear_model::prediction::interface1::Result::allocate<float>(daal::algorithms::interface1::Input const*, daal::algorithms::interface1::Parameter const*, int)";
        "daal::services::interface1::Status daal::algorithms::linear_model::prediction::interface1::Result::allocate<double>(daal::algorithms::interface1::Input const*, daal::algorithms::interface1::Parameter const*, int)";

        "!daal::algorithms::linear_model::internal::*";
        "!daal::algorithms::linear_model::*::internal::*";

        # Linear Regression

        daal::algorithms::linear_regression::training::interface1::*;
        daal::algorithms::linear_regression::prediction::interface1::*;

        # Explicit template instantiations and RTTI
        "typeinfo for daal::algorithms::linear_regression::prediction::interface1::Result";
        "typeinfo for daal::algorithms::linear_regression::training::interface1::PartialResult";
        "typeinfo for daal::algorithms::linear_regression::training::interface1::Result";

        "daal::services::interface1::Status daal::algorithms::linear_regression::training::interface1::PartialResult::allocate<float>(daal::algorithms::interface1::Input const*, daal::algorithms::interface1::Parameter const*, int)";
        "daal::services::interface1::Status daal::algorithms::linear_regression::training::interface1::PartialResult::allocate<double>(daal::algorithms::interface1::Input const*, daal::algorithms::interface1::Parameter const*, int)";
        "daal::services::interface1::Status daal::algorithms::linear_regression::training::interface1::PartialResult::initialize<float>(daal::algorithms::interface1::Input const*, daal::algorithms::interface1::Parameter const*, int)";
        "daal::services::interface1::Status daal::algorithms::linear_regression::training::interface1::PartialResult::initialize<double>(daal::algorithms::interface1::Input const*, daal::algorithms::interface1::Parameter const*, int)";

        "daal::services::interface1::Status daal::algorithms::linear_regression::training::interface1::Result::allocate<float>(daal::algorithms::interface1::Input const*, daal::algorithms::linear_regression::interface1::Parameter const*, int)";
        "daal::services::interface1::Status daal::algorithms::linear_regression::training::interface1::Result::allocate<double>(daal::algorithms::interface1::Input const*, daal::algorithms::linear_regression::interface1::Parameter const*, int)";
        "daal::services::interface1::Status daal::algorithms::linear_regression::training::interface1::Result::allocate<float>(daal::algorithms::interface1::PartialResult const*, daal::algorithms::linear_regression::interface1::Parameter const*, int)";
        "daal::services::interface1::Status daal::algorithms::linear_regression::training::interface1::Result::allocate<double>(daal::algorithms::interface1::PartialResult const*, daal::algorithms::linear_regression::interface1::Parameter const*, int)";

        # ModelBuilder
        daal::algorithms::linear_regression::interface1::ModelBuilder*;

        "!daal::algorithms::linear_regression::internal::*";
        "!daal::algorithms::linear_regression::*::internal::*";

        # Logistic Regression

        daal::algorithms::logistic_regression::training::interface1::*;
        daal::algorithms::logistic_regression::training::interface2::*;
        daal::algorithms::logistic_regression::training::interface3::*;
        daal::algorithms::logistic_regression::prediction::interface1::*;
        daal::algorithms::logistic_regression::prediction::interface2::*;

        # Explicit template instantiations and RTTI
        "typeinfo for daal::algorithms::logistic_regression::training::interface2::Result";

        "daal::services::interface1::Status daal::algorithms::logistic_regression::training::interface2::Result::allocate<float>(daal::algorithms::interface1::Input const*, daal::algorithms::interface1::Parameter const*, int)";
        "daal::services::interface1::Status daal::algorithms::logistic_regression::training::interface2::Result::allocate<double>(daal::algorithms::interface1::Input const*, daal::algorithms::interface1::Parameter const*, int)";

        # ModelBuilder
        daal::algorithms::logistic_regression::interface1::ModelBuilder*;

        "!daal::algorithms::logistic_regression::internal::*";
        "!daal::algorithms::logistic_regression::*::internal::*";

        # Low Order Moments

        daal::algorithms::low_order_moments::interface1::*;

        # Explicit template instantiations
        "daal::services::interface1::Status daal::algorithms::low_order_moments::interface1::PartialResult::allocate<float>(daal::algorithms::interface1::Input const*, daal::algorithms::interface1::Parameter const*, int)";
        "daal::services::interface1::Status daal::algorithms::low_order_moments::interface1::PartialResult::allocate<double>(daal::algorithms::interface1::Input const*, daal::algorithms::interface1::Parameter const*, int)";
        "daal::services::interface1::Status daal::algorithms::low_order_moments::interface1::PartialResult::initialize<float>(daal::algorithms::interface1::Input const*, daal::algorithms::interface1::Parameter const*, int)";
        "daal::services::interface1::Status daal::algorithms::low_order_moments::interface1::PartialResult::initialize<double>(daal::algorithms::interface1::Input const*, daal::algorithms::interface1::Parameter const*, int)";
        "daal::services::interface1::Status daal::algorithms::low_order_moments::interface1::Result::allocate<float>(daal::algorithms::interface1::Input const*, daal::algorithms::interface1::Parameter const*, int)";
        "daal::services::interface1::Status daal::algorithms::low_order_moments::interface1::Result::allocate<double>(daal::algorithms::interface1::Input const*, daal::algorithms::interface1::Parameter const*, int)";
        "daal::services::interface1::Status daal::algorithms::low_order_moments::interface1::Result::allocate<float>(daal::algorithms::interface1::PartialResult const*, daal::algorithms::interface1::Parameter*, int)";
        "daal::services::interface1::Status daal::algorithms::low_order_moments::interface1::Result::allocate<double>(daal::algorithms::interface1::PartialResult const*, daal::algorithms::interface1::Parameter*, int)";

        "!daal::algorithms::low_order_moments::internal::*";

        # Multi-class Classifier

        daal::algorithms::multi_class_classifier::training::interface1::*;
        daal::algorithms::multi_class_classifier::training::interface2::*;
        daal::algorithms::multi_class_classifier::prediction::interface1::*;
        daal::algorithms::multi_class_classifier::prediction::interface2::*;

        # Explicit template instantiations and RTTI
        "typeinfo for daal::algorithms::multi_class_classifier::training::interface1::Result";
        "typeinfo for daal::algorithms::multi_class_classifier::prediction::interface1::Result";

        "daal::services::interface1::Status daal::algorithms::multi_class_classifier::training::interface1::Result::allocate<float>(daal::algorithms::interface1::Input const*, daal::algorithms::interface1::Parameter const*, int)";
        "daal::services::interface1::Status daal::algorithms::multi_class_classifier::training::interface1::Result::allocate<double>(daal::algorithms::interface1::Input const*, daal::algorithms::interface1::Parameter const*, int)";
        "daal::services::interface1::Status daal::algorithms::multi_class_classifier::prediction::interface1::Result::allocate<float>(daal::algorithms::interface1::Input const*, daal::algorithms::interface1::Parameter const*, int, int)";
        "daal::services::interface1::Status daal::algorithms::multi_class_classifier::prediction::interface1::Result::allocate<double>(daal::algorithms::interface1::Input const*, daal::algorithms::interface1::Parameter const*, int, int)";

        # Model
        daal::algorithms::multi_class_classifier::interface1::Model*;

        "!daal::algorithms::multi_class_classifier::internal::*";
        "!daal::algorithms::multi_class_classifier::*::internal::*";

        # Normalization

        daal::algorithms::normalization::minmax::interface1::*;
        daal::algorithms::normalization::minmax::interface2::*;
        daal::algorithms::normalization::zscore::interface1::*;
        daal::algorithms::normalization::zscore::interface2::*;
        daal::algorithms::normalization::zscore::interface3::*;

        # Explicit template instantiations and RTTI
        "vtable for daal::algorithms::normalization::minmax::interface1::ParameterBase";
        "daal::services::interface1::Status daal::algorithms::normalization::minmax::interface1::Result::allocate<float>(daal::algorithms::interface1::Input const*, int)";
        "daal::services::interface1::Status daal::algorithms::normalization::minmax::interface1::Result::allocate<double>(daal::algorithms::interface1::Input const*, int)";
        "daal::services::interface1::Status daal::algorithms::normalization::zscore::interface2::Result::allocate<float>(daal::algorithms::interface1::Input const*, daal::algorithms::interface1::Parameter const*, int)";
        "daal::services::interface1::Status daal::algorithms::normalization::zscore::interface2::Result::allocate<double>(daal::algorithms::interface1::Input const*, daal::algorithms::interface1::Parameter const*, int)";

        "!daal::algorithms::normalization::internal::*";
        "!daal::algorithms::normalization::*::internal::*";

        # Objective Function

        daal::algorithms::optimization_solver::objective_function::interface1::*;
        daal::algorithms::optimization_solver::objective_function::interface2::*;

        # Explicit template instantiations
        "daal::services::interface1::Status daal::algorithms::optimization_solver::objective_function::interface1::Result::allocate<float>(daal::algorithms::interface1::Input const*, daal::algorithms::interface1::Parameter const*, int)";
        "daal::services::interface1::Status daal::algorithms::optimization_solver::objective_function::interface1::Result::allocate<double>(daal::algorithms::interface1::Input const*, daal::algorithms::interface1::Parameter const*, int)";

        "!daal::algorithms::optimization_solver::objective_function::internal::*";

        # Optimization Solver

        daal::algorithms::optimization_solver::iterative_solver::interface1::*;
        daal::algorithms::optimization_solver::iterative_solver::interface2::*;
        daal::algorithms::optimization_solver::adagrad::interface1::*;
        daal::algorithms::optimization_solver::adagrad::interface2::*;
        daal::algorithms::optimization_solver::coordinate_descent::interface1::*;
        daal::algorithms::optimization_solver::cross_entropy_loss::interface2::*;
        daal::algorithms::optimization_solver::lbfgs::interface1::*;
        daal::algorithms::optimization_solver::lbfgs::interface2::*;
        daal::algorithms::optimization_solver::logistic_loss::interface2::*;
        daal::algorithms::optimization_solver::mse::interface2::*;
        daal::algorithms::optimization_solver::saga::interface1::*;
        daal::algorithms::optimization_solver::sgd::interface1::*;
        daal::algorithms::optimization_solver::sgd::interface2::*;
        daal::algorithms::optimization_solver::sum_of_functions::interface2::*;

        # Explicit template instantiations and RTTI
        "vtable for daal::algorithms::optimization_solver::iterative_solver::interface2::Parameter";
        "vtable for daal::algorithms::optimization_solver::lbfgs::interface2::Parameter";
        "vtable for daal::algorithms::optimization_solver::lbfgs::interface2::Result";
        "daal::services::interface1::Status daal::algorithms::optimization_solver::lbfgs::interface2::Result::allocate<float>(daal::algorithms::interface1::Input const*, daal::algorithms::interface1::Parameter const*, int)";
        "daal::services::interface1::Status daal::algorithms::optimization_solver::lbfgs::interface2::Result::allocate<double>(daal::algorithms::interface1::Input const*, daal::algorithms::interface1::Parameter const*, int)";

        "!daal::algorithms::optimization_solver::internal::*";
        "!daal::algorithms::optimization_solver::*::internal::*";

        # PCA

        daal::algorithms::pca::interface1::*;
        daal::algorithms::pca::interface2::*;
        daal::algorithms::pca::interface3::*;
        daal::algorithms::pca::transform::interface1::*;

        # Explicit template instantiations
        "daal::services::interface1::Status daal::algorithms::pca::interface1::PartialResult<(daal::algorithms::pca::Method)0>::allocate<float>(daal::algorithms::interface1::Input const*, daal::algorithms::interface1::Parameter const*, int)";
        "daal::services::interface1::Status daal::algorithms::pca::interface1::PartialResult<(daal::algorithms::pca::Method)0>::allocate<double>(daal::algorithms::interface1::Input const*, daal::algorithms::interface1::Parameter const*, int)";
        "daal::services::interface1::Status daal::algorithms::pca::interface1::PartialResult<(daal::algorithms::pca::Method)0>::initialize<float>(daal::algorithms::interface1::Input const*, daal::algorithms::interface1::Parameter const*, int)";
        "daal::services::interface1::Status daal::algorithms::pca::interface1::PartialResult<(daal::algorithms::pca::Method)0>::initialize<double>(daal::algorithms::interface1::Input const*, daal::algorithms::interface1::Parameter const*, int)";

        "daal::services::interface1::Status daal::algorithms::pca::interface1::PartialResult<(daal::algorithms::pca::Method)1>::allocate<float>(daal::algorithms::interface1::Input const*, daal::algorithms::interface1::Parameter const*, int)";
        "daal::services::interface1::Status daal::algorithms::pca::interface1::PartialResult<(daal::algorithms::pca::Method)1>::allocate<double>(daal::algorithms::interface1::Input const*, daal::algorithms::interface1::Parameter const*, int)";
        "daal::services::interface1::Status daal::algorithms::pca::interface1::PartialResult<(daal::algorithms::pca::Method)1>::initialize<float>(daal::algorithms::interface1::Input const*, daal::algorithms::interface1::Parameter const*, int)";
        "daal::services::interface1::Status daal::algorithms::pca::interface1::PartialResult<(daal::algorithms::pca::Method)1>::initialize<double>(daal::algorithms::interface1::Input const*, daal::algorithms::interface1::Parameter const*, int)";

        "daal::services::interface1::Status daal::algorithms::pca::interface3::Result::allocate<float>(daal::algorithms::interface1::Input const*, daal::algorithms::interface1::Parameter*, daal::algorithms::pca::Method)";
        "daal::services::interface1::Status daal::algorithms::pca::interface3::Result::allocate<double>(daal::algorithms::interface1::Input const*, daal::algorithms::interface1::Parameter*, daal::algorithms::pca::Method)";
        "daal::services::interface1::Status daal::algorithms::pca::interface3::Result::allocate<float>(daal::algorithms::interface1::PartialResult const*, daal::algorithms::interface1::Parameter*, daal::algorithms::pca::Method)";
        "daal::services::interface1::Status daal::algorithms::pca::interface3::Result::allocate<double>(daal::algorithms::interface1::PartialResult const*, daal::algorithms::interface1::Parameter*, daal::algorithms::pca::Method)";

        "daal::services::interface1::Status daal::algorithms::pca::transform::interface1::Result::allocate<float>(daal::algorithms::interface1::Input const*, daal::algorithms::interface1::Parameter const*, int)";
        "daal::services::interface1::Status daal::algorithms::pca::transform::interface1::Result::allocate<double>(daal::algorithms::interface1::Input const*, daal::algorithms::interface1::Parameter const*, int)";

        "!daal::algorithms::pca::internal::*";
        "!daal::algorithms::pca::*::internal::*";

        # Pivoted QR

        daal::algorithms::pivoted_qr::interface1::*;

        # Explicit template instantiations
        "daal::services::interface1::Status daal::algorithms::pivoted_qr::interface1::Result::allocate<float>(daal::algorithms::interface1::Input const*, daal::algorithms::interface1::Parameter const*, int)";
        "daal::services::interface1::Status daal::algorithms::pivoted_qr::interface1::Result::allocate<double>(daal::algorithms::interface1::Input const*, daal::algorithms::interface1::Parameter const*, int)";

        "!daal::algorithms::pivoted_qr::internal::*";

        # QR

        daal::algorithms::qr::interface1::*;

        # Explicit template instantiations
        "daal::services::interface1::Status daal::algorithms::qr::interface1::OnlinePartialResult::allocate<float>(daal::algorithms::interface1::Input const*, daal::algorithms::interface1::Parameter const*, int)";
        "daal::services::interface1::Status daal::algorithms::qr::interface1::OnlinePartialResult::allocate<double>(daal::algorithms::interface1::Input const*, daal::algorithms::interface1::Parameter const*, int)";
        "daal::services::interface1::Status daal::algorithms::qr::interface1::OnlinePartialResult::initialize<float>(daal::algorithms::interface1::Input const*, daal::algorithms::interface1::Parameter const*, int)";
        "daal::services::interface1::Status daal::algorithms::qr::interface1::OnlinePartialResult::initialize<double>(daal::algorithms::interface1::Input const*, daal::algorithms::interface1::Parameter const*, int)";

        "daal::services::interface1::Status daal::algorithms::qr::interface1::DistributedPartialResult::allocate<float>(daal::algorithms::interface1::Input const*, daal::algorithms::interface1::Parameter const*, int)";
        "daal::services::interface1::Status daal::algorithms::qr::interface1::DistributedPartialResult::allocate<double>(daal::algorithms::interface1::Input const*, daal::algorithms::interface1::Parameter const*, int)";
        "daal::services::interface1::Status daal::algorithms::qr::interface1::DistributedPartialResultStep3::allocate<float>(daal::algorithms::interface1::Input const*, daal::algorithms::interface1::Parameter const*, int)";
        "daal::services::interface1::Status daal::algorithms::qr::interface1::DistributedPartialResultStep3::allocate<double>(daal::algorithms::interface1::Input const*, daal::algorithms::interface1::Parameter const*, int)";
        "daal::services::interface1::Status daal::algorithms::qr::interface1::DistributedPartialResultStep3::setPartialResultStorage<float>(daal::data_management::interface1::DataCollection*)";
        "daal::services::interface1::Status daal::algorithms::qr::interface1::DistributedPartialResultStep3::setPartialResultStorage<double>(daal::data_management::interface1::DataCollection*)";

        "daal::services::interface1::Status daal::algorithms::qr::interface1::Result::allocate<float>(daal::algorithms::interface1::Input const*, daal::algorithms::interface1::Parameter const*, int)";
        "daal::services::interface1::Status daal::algorithms::qr::interface1::Result::allocate<double>(daal::algorithms::interface1::Input const*, daal::algorithms::interface1::Parameter const*, int)";
        "daal::services::interface1::Status daal::algorithms::qr::interface1::Result::allocate<float>(daal::algorithms::interface1::PartialResult const*, daal::algorithms::interface1::Parameter*, int)";
        "daal::services::interface1::Status daal::algorithms::qr::interface1::Result::allocate<double>(daal::algorithms::interface1::PartialResult const*, daal::algorithms::interface1::Parameter*, int)";

        "!daal::algorithms::qr::internal::*";

        # Regression

        daal::algorithms::regression::training::interface1::*;
        daal::algorithms::regression::prediction::interface1::*;

        "typeinfo for daal::algorithms::regression::training::interface1::Result";
        "typeinfo for daal::algorithms::regression::prediction::interface1::Result";

        "!daal::algorithms::regression::internal::*";
        "!daal::algorithms::regression::*::internal::*";

        # Ridge Regression

        daal::algorithms::ridge_regression::training::interface1::*;
        daal::algorithms::ridge_regression::prediction::interface1::*;

        # Explicit template instantiations and RTTI
        "typeinfo for daal::algorithms::ridge_regression::training::interface1::PartialResult";
        "typeinfo for daal::algorithms::ridge_regression::training::interface1::Result";
        "typeinfo for daal::algorithms::ridge_regression::prediction::interface1::Result";
        "vtable for daal::algorithms::ridge_regression::interface1::TrainParameter";

        "daal::services::interface1::Status daal::algorithms::ridge_regression::training::interface1::PartialResult::allocate<float>(daal::algorithms::interface1::Input const*, daal::algorithms::interface1::Parameter const*, int)";
        "daal::services::interface1::Status daal::algorithms::ridge_regression::training::interface1::PartialResult::allocate<double>(daal::algorithms::interface1::Input const*, daal::algorithms::interface1::Parameter const*, int)";
        "daal::services::interface1::Status daal::algorithms::ridge_regression::training::interface1::PartialResult::initialize<float>(daal::algorithms::interface1::Input const*, daal::algorithms::interface1::Parameter const*, int)";
        "daal::services::interface1::Status daal::algorithms::ridge_regression::training::interface1::PartialResult::initialize<double>(daal::algorithms::interface1::Input const*, daal::algorithms::interface1::Parameter const*, int)";

        "daal::services::interface1::Status daal::algorithms::ridge_regression::training::interface1::Result::allocate<float>(daal::algorithms::interface1::Input const*, daal::algorithms::ridge_regression::interface1::Parameter const*, int)";
        "daal::services::interface1::Status daal::algorithms::ridge_regression::training::interface1::Result::allocate<double>(daal::algorithms::interface1::Input const*, daal::algorithms::ridge_regression::interface1::Parameter const*, int)";
        "daal::services::interface1::Status daal::algorithms::ridge_regression::training::interface1::Result::allocate<float>(daal::algorithms::interface1::PartialResult const*, daal::algorithms::ridge_regression::interface1::Parameter const*, int)";
        "daal::services::interface1::Status daal::algorithms::ridge_regression::training::interface1::Result::allocate<double>(daal::algorithms::interface1::PartialResult const*, daal::algorithms::ridge_regression::interface1::Parameter const*, int)";

        "!daal::algorithms::ridge_regression::internal::*";
        "!daal::algorithms::ridge_regression::*::internal::*";

        # SVD

        daal::algorithms::svd::interface1::*;

        # Explicit template instantiations
        "daal::services::interface1::Status daal::algorithms::svd::interface1::OnlinePartialResult::allocate<float>(daal::algorithms::interface1::Input const*, daal::algorithms::interface1::Parameter const*, int)";
        "daal::services::interface1::Status daal::algorithms::svd::interface1::OnlinePartialResult::allocate<double>(daal::algorithms::interface1::Input const*, daal::algorithms::interface1::Parameter const*, int)";
        "daal::services::interface1::Status daal::algorithms::svd::interface1::OnlinePartialResult::initialize<float>(daal::algorithms::interface1::Input const*, daal::algorithms::interface1::Parameter const*, int)";
        "daal::services::interface1::Status daal::algorithms::svd::interface1::OnlinePartialResult::initialize<double>(daal::algorithms::interface1::Input const*, daal::algorithms::interface1::Parameter const*, int)";

        "daal::services::interface1::Status daal::algorithms::svd::interface1::DistributedPartialResult::allocate<float>(daal::algorithms::interface1::Input const*, daal::algorithms::interface1::Parameter const*, int)";
        "daal::services::interface1::Status daal::algorithms::svd::interface1::DistributedPartialResult::allocate<double>(daal::algorithms::interface1::Input const*, daal::algorithms::interface1::Parameter const*, int)";
        "daal::services::interface1::Status daal::algorithms::svd::interface1::DistributedPartialResultStep3::allocate<float>(daal::algorithms::interface1::Input const*, daal::algorithms::interface1::Parameter const*, int)";
        "daal::services::interface1::Status daal::algorithms::svd::interface1::DistributedPartialResultStep3::allocate<double>(daal::algorithms::interface1::Input const*, daal::algorithms::interface1::Parameter const*, int)";
        "daal::services::interface1::Status daal::algorithms::svd::interface1::DistributedPartialResultStep3::setPartialResultStorage<float>(daal::data_management::interface1::DataCollection*)";
        "daal::services::interface1::Status daal::algorithms::svd::interface1::DistributedPartialResultStep3::setPartialResultStorage<double>(daal::data_management::interface1::DataCollection*)";

        "daal::services::interface1::Status daal::algorithms::svd::interface1::Result::allocate<float>(daal::algorithms::interface1::Input const*, daal::algorithms::interface1::Parameter const*, int)";
        "daal::services::interface1::Status daal::algorithms::svd::interface1::Result::allocate<double>(daal::algorithms::interface1::Input const*, daal::algorithms::interface1::Parameter const*, int)";
        "daal::services::interface1::Status daal::algorithms::svd::interface1::Result::allocate<float>(daal::algorithms::interface1::PartialResult const*, daal::algorithms::interface1::Parameter*, int)";
        "daal::services::interface1::Status daal::algorithms::svd::interface1::Result::allocate<double>(daal::algorithms::interface1::PartialResult const*, daal::algorithms::interface1::Parameter*, int)";

        "!daal::algorithms::svd::internal::*";

        # SVM

        daal::algorithms::svm::training::interface1::*;
        daal::algorithms::svm::training::interface2::*;
        daal::algorithms::svm::prediction::interface1::*;
        daal::algorithms::svm::prediction::interface2::*;

        # Explicit template instantiations and RTTI
        "typeinfo for daal::algorithms::svm::training::interface1::Result";
        "vtable for daal::algorithms::svm::interface2::Parameter";

        "daal::services::interface1::Status daal::algorithms::svm::training::interface1::Result::allocate<float>(daal::algorithms::interface1::Input const*, daal::algorithms::interface1::Parameter const*, int)";
        "daal::services::interface1::Status daal::algorithms::svm::training::interface1::Result::allocate<double>(daal::algorithms::interface1::Input const*, daal::algorithms::interface1::Parameter const*, int)";

        # ModelBuilder
        daal::algorithms::svm::interface1::ModelBuilder*;

        "!daal::algorithms::svm::internal::*";
        "!daal::algorithms::svm::*::internal::*";

        # t-SNE

        daal::algorithms::tsne::interface1::*;

        "!daal::algorithms::tsne::internal::*";

        # =================================== Data Management ==================================

        daal::data_management::interface1::DataCollection::*;
        daal::data_management::interface1::NumericTable::*;
        "daal::data_management::interface1::HomogenNumericTable<*>::*";
        "daal::data_management::interface1::HomogenNumericTable<float>::getSerializationTag() const";
        "daal::data_management::interface1::HomogenNumericTable<double>::getSerializationTag() const";
        "daal::data_management::interface1::HomogenNumericTable<int>::getSerializationTag() const";

        "daal::data_management::interface1::HomogenNumericTable<float>::HomogenNumericTable(daal::data_management::interface1::DictionaryIface::FeaturesEqual, unsigned long, unsigned long, daal::data_management::interface1::NumericTableIface::AllocationFlag, float const&, daal::services::interface1::Status&)";
        "daal::data_management::interface1::HomogenNumericTable<double>::HomogenNumericTable(daal::data_management::interface1::DictionaryIface::FeaturesEqual, unsigned long, unsigned long, daal::data_management::interface1::NumericTableIface::AllocationFlag, double const&, daal::services::interface1::Status&)";
        "daal::data_management::interface1::HomogenNumericTable<int>::HomogenNumericTable(daal::data_management::interface1::DictionaryIface::FeaturesEqual, unsigned long, unsigned long, daal::data_management::interface1::NumericTableIface::AllocationFlag, int const&, daal::services::interface1::Status&)";

        # CSRNumericTable (Compressed Sparse Row)
        "daal::data_management::interface1::CSRNumericTable::*";
        "daal::data_management::interface1::CSRBlockDescriptor<*>::*";

        # Explicit CSRBlockDescriptor constructors
        "daal::data_management::interface1::CSRBlockDescriptor<float>::CSRBlockDescriptor()";
        "daal::data_management::interface1::CSRBlockDescriptor<double>::CSRBlockDescriptor()";
        "daal::data_management::interface1::CSRBlockDescriptor<int>::CSRBlockDescriptor()";

        "vtable for daal::data_management::interface1::CSRNumericTable";
        "typeinfo for daal::data_management::interface1::CSRNumericTable";

        # AOSNumericTable (Array of Structures)
        daal::data_management::interface1::AOSNumericTable::*;
        "vtable for daal::data_management::interface1::AOSNumericTable";

        # MergedNumericTable
        daal::data_management::interface1::MergedNumericTable::*;

        # RowMergedNumericTable
        daal::data_management::interface1::RowMergedNumericTable::*;

        # SOANumericTable (Structure of Arrays)
        daal::data_management::interface1::SOANumericTable::*;


        # NumericTable RTTI and vtable
        "typeinfo for daal::data_management::interface1::NumericTable";
        "vtable for daal::data_management::interface1::NumericTable";
        "non-virtual thunk to daal::data_management::interface1::NumericTable::allocateBasicStatistics()";

        "daal::services::interface1::SharedPtr<daal::data_management::interface1::NumericTable> daal::data_management::convertToHomogen<float>(daal::data_management::interface1::NumericTable&, daal::MemType)";
        "daal::services::interface1::SharedPtr<daal::data_management::interface1::NumericTable> daal::data_management::convertToHomogen<double>(daal::data_management::interface1::NumericTable&, daal::MemType)";
        "daal::services::interface1::SharedPtr<daal::data_management::interface1::NumericTable> daal::data_management::convertToHomogen<int>(daal::data_management::interface1::NumericTable&, daal::MemType)";

        daal::data_management::interface1::Factory::*;
        daal::data_management::interface1::SerializationIface::*;

        "daal::data_management::interface1::KeyValueCollection<*>::*";
        "daal::data_management::interface1::KeyValueCollection<daal::data_management::interface1::SerializationIface>::operator[](unsigned long)";

        "daal::data_management::interface1::SerializableKeyValueCollection<daal::data_management::interface1::SerializationIface>::getSerializationTag() const";

        daal::data_management::ModifierIface::*;

        "daal::data_management::internal::getVectorDownCast(int, int)";
        "daal::data_management::internal::getVectorUpCast(int, int)";
        "daal::data_management::internal::getVectorStrideDownCast(int, int)";
        "daal::data_management::internal::getVectorStrideUpCast(int, int)";

        "void daal::data_management::internal::vectorAssignValueToArray<float>(float*, unsigned long, float)";
        "void daal::data_management::internal::vectorAssignValueToArray<double>(double*, unsigned long, double)";
        "void daal::data_management::internal::vectorAssignValueToArray<int>(int*, unsigned long, int)";

        # ======================================= Services =====================================

        # Memory management

        "daal::services::daal_calloc(unsigned long, unsigned long)";
        "daal::services::daal_malloc(unsigned long, unsigned long)";
        "daal::services::daal_free(void*)";
        "daal::services::daal_memcpy_s(void*, unsigned long, void const*, unsigned long)";
        "daal::services::daal_memmove_s(void*, unsigned long, void const*, unsigned long)";

        "daal::services::internal::daal_memcpy_s(void*, unsigned long, void const*, unsigned long)";

        "daal::services::interface1::ObjectDeleter<*>::*";
        "daal::services::interface1::RefCounterImp<*>::*";

        # String operations

        "daal::services::daal_string_to_float(char const*, char**)";

        # Error handling

        daal::services::interface1::Exception::*;
        daal::services::interface1::Error::*;

        daal::services::interface1::KernelErrorCollection::*;

        # KernelErrorCollection vtable
        "vtable for daal::services::interface1::KernelErrorCollection";

        daal::services::interface1::Status::*;

        # Library version info
        daal::services::interface1::LibraryVersionInfo*;
        daal::services::interface1::String::*;

        # Environment
        daal::services::interface1::Environment::*;

        # Exclude any potential internal namespaces (defensive)

        "!daal::internal::*";
        "!daal::*::internal::*";
    };

    # CsvDataSource template methods (wildcard pattern for all instantiations)
    "_ZN4daal15data_management10interface113CsvDataSource*";

local:
    # Hide everything else by default
    *;
};
