/*
 * Copyright contributors to the oneDAL project
 *
 * Licensed under the Apache License, Version 2.0 (the "License");
 * you may not use this file except in compliance with the License.
 * You may obtain a copy of the License at
 *
 *     http://www.apache.org/licenses/LICENSE-2.0
 *
 * Unless required by applicable law or agreed to in writing, software
 * distributed under the License is distributed on an "AS IS" BASIS,
 * WITHOUT WARRANTIES OR CONDITIONS OF ANY KIND, either express or implied.
 * See the License for the specific language governing permissions and
 * limitations under the License.
 */

/*
 * Version script for libonedal_core.so (DAAL Legacy Interface)
 *
 * This file explicitly defines which symbols are exported from libonedal_core.so
 */

ONEDAL_2026.0 {
global:
    extern "C++" {
        # ================================ Public DAAL interface ===============================

        # ===================================== Algorithms =====================================

        # Common interfaces

        daal::algorithms::interface1::Argument::*;
        "daal::algorithms::interface1::AlgorithmImpl<*>::*";

        # AlgorithmImpl::computeNoThrow() instantiations
        "daal::algorithms::interface1::AlgorithmImpl<(daal::ComputeMode)1>::computeNoThrow()";
        "daal::algorithms::interface1::AlgorithmImpl<(daal::ComputeMode)2>::computeNoThrow()";
        "daal::algorithms::interface1::AlgorithmImpl<(daal::ComputeMode)4>::computeNoThrow()";

        # Cholesky

        daal::algorithms::cholesky::interface1::*;

        # Explicit template instantiations
        "daal::services::interface1::Status daal::algorithms::cholesky::interface1::Result::allocate<float>(daal::algorithms::interface1::Input const*, daal::algorithms::interface1::Parameter const*, int)";
        "daal::services::interface1::Status daal::algorithms::cholesky::interface1::Result::allocate<double>(daal::algorithms::interface1::Input const*, daal::algorithms::interface1::Parameter const*, int)";

        "!daal::algorithms::cholesky::internal::*";

        # Decision Forest

        daal::algorithms::decision_forest::classification::prediction::interface1::*;
        daal::algorithms::decision_forest::classification::prediction::interface3::*;
        daal::algorithms::decision_forest::classification::training::interface1::*;
        daal::algorithms::decision_forest::classification::training::interface3::*;

        # Explicit template instantiations and RTTI
        "typeinfo for daal::algorithms::decision_forest::classification::training::interface1::Result";
        "daal::services::interface1::Status daal::algorithms::decision_forest::classification::training::interface1::Result::allocate<float>(daal::algorithms::interface1::Input const*, daal::algorithms::interface1::Parameter const*, int)";
        "daal::services::interface1::Status daal::algorithms::decision_forest::classification::training::interface1::Result::allocate<double>(daal::algorithms::interface1::Input const*, daal::algorithms::interface1::Parameter const*, int)";

        "!daal::algorithms::decision_forest::internal::*";
        "!daal::algorithms::decision_forest::*::internal::*";

        # Classifier

        daal::algorithms::classifier::prediction::interface2::*;
        daal::algorithms::classifier::training::interface1::*;

        # Explicit template instantiations and RTTI
        "typeinfo for daal::algorithms::classifier::training::interface1::Result";
        "typeinfo name for daal::algorithms::classifier::training::interface1::Result";
        "daal::services::interface1::Status daal::algorithms::classifier::prediction::interface2::Result::allocate<float>(daal::algorithms::interface1::Input const*, daal::algorithms::interface1::Parameter const*, int)";
        "daal::services::interface1::Status daal::algorithms::classifier::prediction::interface2::Result::allocate<double>(daal::algorithms::interface1::Input const*, daal::algorithms::interface1::Parameter const*, int)";

        "!daal::algorithms::classifier::internal::*";
        "!daal::algorithms::classifier::*::internal::*";

        # =================================== Data Management ==================================

        daal::data_management::interface1::DataCollection::*;
        daal::data_management::interface1::NumericTable::*;
        "daal::data_management::interface1::HomogenNumericTable<*>::*";
        "daal::data_management::interface1::HomogenNumericTable<float>::getSerializationTag() const";
        "daal::data_management::interface1::HomogenNumericTable<double>::getSerializationTag() const";

        # NumericTable RTTI and vtable
        "typeinfo for daal::data_management::interface1::NumericTable";
        "vtable for daal::data_management::interface1::NumericTable";
        "non-virtual thunk to daal::data_management::interface1::NumericTable::allocateBasicStatistics()";

        daal::data_management::interface1::Factory::*;
        daal::data_management::interface1::SerializationIface::*;

        daal::data_management::ModifierIface::*;

        "daal::data_management::internal::getVectorDownCast(int, int)";
        "daal::data_management::internal::getVectorUpCast(int, int)";
        "daal::data_management::internal::getVectorStrideDownCast(int, int)";
        "daal::data_management::internal::getVectorStrideUpCast(int, int)";

        "void daal::data_management::internal::vectorAssignValueToArray<float>(float*, unsigned long, float)";
        "void daal::data_management::internal::vectorAssignValueToArray<double>(double*, unsigned long, double)";

        # ======================================= Services =====================================

        # Memory management

        "daal::services::daal_calloc(unsigned long, unsigned long)";
        "daal::services::daal_malloc(unsigned long, unsigned long)";
        "daal::services::daal_free(void*)";
        "daal::services::daal_memcpy_s(void*, unsigned long, void const*, unsigned long)";
        "daal::services::daal_memmove_s(void*, unsigned long, void const*, unsigned long)";

        "daal::services::internal::daal_memcpy_s(void*, unsigned long, void const*, unsigned long)";

        "daal::services::interface1::ObjectDeleter<*>::*";
        "daal::services::interface1::RefCounterImp<*>::*";

        # String operations

        "daal::services::daal_string_to_float(char const*, char**)";

        # Error handling

        daal::services::interface1::Exception::*;
        daal::services::interface1::Error::*;

        daal::services::interface1::KernelErrorCollection::*;

        # KernelErrorCollection vtable
        "vtable for daal::services::interface1::KernelErrorCollection";

        daal::services::interface1::Status::*;
        daal::services::interface1::String::*;

        # Exclude any potential internal namespaces (defensive)

        "!daal::internal::*";
        "!daal::*::internal::*";
    };

    # CsvDataSource template methods (wildcard pattern for all instantiations)
    "_ZN4daal15data_management10interface113CsvDataSource*";

local:
    # Hide everything else by default
    *;
};
